2026-06-27T11:13:54	20260627-111354-61b975	deploy	deploy	OK	7014e11e-1c26-4e50-b546-2c38c876bee0	loaded transaction metadata
2026-06-27T11:13:54	20260627-111354-be4885	list	list	OK	7014e11e-1c26-4e50-b546-2c38c876bee0	list returned rows
2026-06-27T13:37:07	20260627-133707-29a675	deploy	deploy	OK	7014e11e-1c26-4e50-b546-2c38c876bee0	loaded transaction metadata
2026-06-27T13:37:07	20260627-133707-b4fa8c	list	list	OK	7014e11e-1c26-4e50-b546-2c38c876bee0	list returned rows
2026-06-27T13:38:29	20260627-133828-023ab2	deploy	deploy	OK	7014e11e-1c26-4e50-b546-2c38c876bee0	loaded transaction metadata
2026-06-27T13:38:29	20260627-133829-541af8	list	list	OK	7014e11e-1c26-4e50-b546-2c38c876bee0	list returned rows
2026-06-27T13:38:49	20260627-133849-32c194	resolve_defaults	resolve_defaults	OK	7014e11e-1c26-4e50-b546-2c38c876bee0	resolved default values
2026-06-27T13:39:06	20260627-133906-52d157	lookup	lookup	OK	7014e11e-1c26-4e50-b546-2c38c876bee0	lookup returned rows
2026-06-27T13:39:06	20260627-133906-9a63b7	lookup	lookup	OK	7014e11e-1c26-4e50-b546-2c38c876bee0	lookup returned rows
2026-06-27T13:39:08	20260627-133908-5e7d5d	lookup	lookup	OK	7014e11e-1c26-4e50-b546-2c38c876bee0	lookup returned rows
2026-06-27T13:39:15	20260627-133915-259dd7	lookup	lookup	OK	7014e11e-1c26-4e50-b546-2c38c876bee0	lookup returned rows
2026-06-27T13:39:15	20260627-133915-3612f3	lookup	lookup	OK	7014e11e-1c26-4e50-b546-2c38c876bee0	lookup returned rows
2026-06-27T13:39:25	20260627-133925-b0a418	lookup	lookup	OK	7014e11e-1c26-4e50-b546-2c38c876bee0	lookup returned rows
2026-06-27T13:39:25	20260627-133925-1dd573	lookup	lookup	OK	7014e11e-1c26-4e50-b546-2c38c876bee0	lookup returned rows
2026-06-27T13:39:33	20260627-133933-5d75de	lookup	lookup	OK	7014e11e-1c26-4e50-b546-2c38c876bee0	lookup returned rows
2026-06-27T13:39:34	20260627-133934-7b198c	lookup	lookup	OK	7014e11e-1c26-4e50-b546-2c38c876bee0	lookup returned rows
2026-06-27T13:40:03	20260627-134003-bd053d	execute_batch	save_batch	ERROR	7014e11e-1c26-4e50-b546-2c38c876bee0	ValidationFailed: 1 validation error(s): initiated_by: Initiated By cannot exceed 10 characters (you entered 16).
2026-06-27T13:40:14	20260627-134014-80bc08	execute_batch	save_batch	ERROR	7014e11e-1c26-4e50-b546-2c38c876bee0	ValidationFailed: 1 validation error(s): initiated_by: Initiated By cannot exceed 10 characters (you entered 16).
2026-06-27T13:41:01	20260627-134101-b027fe	resolve_defaults	resolve_defaults	OK	7014e11e-1c26-4e50-b546-2c38c876bee0	resolved default values
2026-06-27T13:41:12	20260627-134112-0fd182	lookup	lookup	OK	7014e11e-1c26-4e50-b546-2c38c876bee0	lookup returned rows
2026-06-27T13:41:13	20260627-134113-2666b2	lookup	lookup	OK	7014e11e-1c26-4e50-b546-2c38c876bee0	lookup returned rows
2026-06-27T13:41:15	20260627-134115-d503ad	lookup	lookup	OK	7014e11e-1c26-4e50-b546-2c38c876bee0	lookup returned rows
2026-06-27T13:41:21	20260627-134121-8c9794	lookup	lookup	OK	7014e11e-1c26-4e50-b546-2c38c876bee0	lookup returned rows
2026-06-27T13:41:21	20260627-134121-18af41	lookup	lookup	OK	7014e11e-1c26-4e50-b546-2c38c876bee0	lookup returned rows
2026-06-27T13:41:22	20260627-134122-878fbb	lookup	lookup	OK	7014e11e-1c26-4e50-b546-2c38c876bee0	lookup returned rows
2026-06-27T13:41:23	20260627-134123-048350	lookup	lookup	OK	7014e11e-1c26-4e50-b546-2c38c876bee0	lookup returned rows
2026-06-27T13:41:45	20260627-134145-c17b78	execute_batch	save_batch	ERROR	7014e11e-1c26-4e50-b546-2c38c876bee0	ValidationFailed: 1 validation error(s): initiated_by: Initiated By cannot exceed 10 characters (you entered 16).
2026-06-27T13:46:49	20260627-134649-c1f3a2	deploy	deploy	OK	7014e11e-1c26-4e50-b546-2c38c876bee0	loaded transaction metadata
2026-06-27T13:46:49	20260627-134649-e659af	list	list	OK	7014e11e-1c26-4e50-b546-2c38c876bee0	list returned rows
2026-06-27T13:47:53	20260627-134753-9cedc7	deploy	deploy	OK	7014e11e-1c26-4e50-b546-2c38c876bee0	loaded transaction metadata
2026-06-27T13:47:53	20260627-134753-da5a36	list	list	OK	7014e11e-1c26-4e50-b546-2c38c876bee0	list returned rows
2026-06-27T13:47:55	20260627-134755-ba65ee	resolve_defaults	resolve_defaults	OK	7014e11e-1c26-4e50-b546-2c38c876bee0	resolved default values
2026-06-27T13:52:24	20260627-135224-f2d7af	lookup	lookup	OK	7014e11e-1c26-4e50-b546-2c38c876bee0	lookup returned rows
2026-06-27T13:52:24	20260627-135224-c72789	lookup	lookup	OK	7014e11e-1c26-4e50-b546-2c38c876bee0	lookup returned rows
2026-06-27T13:52:26	20260627-135226-a13df0	lookup	lookup	OK	7014e11e-1c26-4e50-b546-2c38c876bee0	lookup returned rows
2026-06-27T13:52:30	20260627-135230-b7ab9f	lookup	lookup	OK	7014e11e-1c26-4e50-b546-2c38c876bee0	lookup returned rows
2026-06-27T13:52:30	20260627-135230-441e8e	lookup	lookup	OK	7014e11e-1c26-4e50-b546-2c38c876bee0	lookup returned rows
2026-06-27T13:52:47	20260627-135247-0009c6	execute_batch	save_batch	OK	7014e11e-1c26-4e50-b546-2c38c876bee0	batch saved
2026-06-27T13:52:47	20260627-135247-95c590	list	list	OK	7014e11e-1c26-4e50-b546-2c38c876bee0	list returned rows
2026-06-27T13:52:49	20260627-135249-d3b750	execute_batch	save_batch	OK	7014e11e-1c26-4e50-b546-2c38c876bee0	batch saved
2026-06-27T13:52:49	20260627-135249-b8b814	list	list	OK	7014e11e-1c26-4e50-b546-2c38c876bee0	list returned rows
2026-06-27T13:52:57	20260627-135257-c0f8e3	load	load	OK	7014e11e-1c26-4e50-b546-2c38c876bee0	-
2026-06-27T13:54:43	20260627-135443-df913f	load	load	OK	7014e11e-1c26-4e50-b546-2c38c876bee0	-
2026-06-27T13:57:00	20260627-135700-ea499f	deploy	deploy	OK	7014e11e-1c26-4e50-b546-2c38c876bee0	loaded transaction metadata
2026-06-27T13:57:00	20260627-135700-6e5f7c	list	list	OK	7014e11e-1c26-4e50-b546-2c38c876bee0	list returned rows
2026-06-27T13:57:52	20260627-135752-e10910	list	list	OK	7014e11e-1c26-4e50-b546-2c38c876bee0	list returned rows
2026-06-27T13:57:56	20260627-135756-e23d8c	load	load	OK	7014e11e-1c26-4e50-b546-2c38c876bee0	-
2026-06-27T13:58:05	20260627-135805-f30412	execute	validate	ERROR	7014e11e-1c26-4e50-b546-2c38c876bee0	ValidationFailed: 1 validation error(s): emp_code: Employee code already exists.
2026-06-27T13:58:07	20260627-135807-bcfbbe	execute	validate	ERROR	7014e11e-1c26-4e50-b546-2c38c876bee0	ValidationFailed: 1 validation error(s): emp_code: Employee code already exists.
2026-06-27T13:58:07	20260627-135807-950a3d	execute	validate	ERROR	7014e11e-1c26-4e50-b546-2c38c876bee0	ValidationFailed: 1 validation error(s): emp_code: Employee code already exists.
2026-06-27T14:44:05	20260627-144405-506e94	deploy	deploy	OK	7014e11e-1c26-4e50-b546-2c38c876bee0	loaded transaction metadata
2026-06-27T14:44:05	20260627-144405-94b904	list	list	OK	7014e11e-1c26-4e50-b546-2c38c876bee0	list returned rows
2026-06-27T14:50:27	20260627-145027-c45ae0	deploy	deploy	OK	7014e11e-1c26-4e50-b546-2c38c876bee0	loaded transaction metadata
2026-06-27T14:50:27	20260627-145027-ee394c	list	list	OK	7014e11e-1c26-4e50-b546-2c38c876bee0	list returned rows
2026-06-27T15:01:33	20260627-150133-dde7e4	deploy	deploy	OK	7014e11e-1c26-4e50-b546-2c38c876bee0	loaded transaction metadata
2026-06-27T15:01:33	20260627-150133-4d5f69	list	list	OK	7014e11e-1c26-4e50-b546-2c38c876bee0	list returned rows
2026-06-27T15:02:28	20260627-150228-441c5d	deploy	deploy	OK	7014e11e-1c26-4e50-b546-2c38c876bee0	loaded transaction metadata
2026-06-27T15:02:28	20260627-150228-3f4480	list	list	OK	7014e11e-1c26-4e50-b546-2c38c876bee0	list returned rows
2026-06-27T15:02:31	20260627-150231-3e62f2	load	load	OK	7014e11e-1c26-4e50-b546-2c38c876bee0	-
2026-06-29T07:04:00	20260629-070359-6d0236	deploy	deploy	OK	7014e11e-1c26-4e50-b546-2c38c876bee0	loaded transaction metadata
2026-06-29T07:04:00	20260629-070400-6c38cd	list	list	OK	7014e11e-1c26-4e50-b546-2c38c876bee0	list returned rows
2026-06-29T07:07:17	20260629-070717-0b9af9	deploy	deploy	OK	7014e11e-1c26-4e50-b546-2c38c876bee0	loaded transaction metadata
2026-06-29T07:07:17	20260629-070717-5bf50a	list	list	OK	7014e11e-1c26-4e50-b546-2c38c876bee0	list returned rows
2026-06-29T07:08:44	20260629-070844-8578bc	deploy	deploy	OK	7014e11e-1c26-4e50-b546-2c38c876bee0	loaded transaction metadata
2026-06-29T07:08:44	20260629-070844-fb2157	list	list	OK	7014e11e-1c26-4e50-b546-2c38c876bee0	list returned rows
2026-06-29T07:12:52	20260629-071252-0dc956	load	load	OK	7014e11e-1c26-4e50-b546-2c38c876bee0	-
2026-06-29T07:17:42	20260629-071742-6d8220	deploy	deploy	OK	7014e11e-1c26-4e50-b546-2c38c876bee0	loaded transaction metadata
2026-06-29T07:17:42	20260629-071742-95a11c	list	list	OK	7014e11e-1c26-4e50-b546-2c38c876bee0	list returned rows
2026-06-29T07:17:42	20260629-071742-0fc1e1	list	list	OK	7014e11e-1c26-4e50-b546-2c38c876bee0	list returned rows
2026-06-29T07:17:55	20260629-071755-d015bb	deploy	deploy	OK	7014e11e-1c26-4e50-b546-2c38c876bee0	loaded transaction metadata
2026-06-29T07:17:55	20260629-071755-bb5fe0	list	list	OK	7014e11e-1c26-4e50-b546-2c38c876bee0	list returned rows
2026-06-29T07:17:55	20260629-071755-20cbae	list	list	OK	7014e11e-1c26-4e50-b546-2c38c876bee0	list returned rows
2026-06-29T07:18:01	20260629-071801-ff91e4	list	list	OK	7014e11e-1c26-4e50-b546-2c38c876bee0	list returned rows
2026-06-29T07:27:57	20260629-072756-2f8759	deploy	deploy	OK	7014e11e-1c26-4e50-b546-2c38c876bee0	loaded transaction metadata
2026-06-29T07:27:57	20260629-072757-7a44a0	list	list	OK	7014e11e-1c26-4e50-b546-2c38c876bee0	list returned rows
2026-06-29T07:28:00	20260629-072800-e56011	execute	run_action	ERROR	7014e11e-1c26-4e50-b546-2c38c876bee0	ValidationFailed: 1 validation error(s): Send/Resend Link: business-logic function 'send_candidate_link' is not deployed (no compiled function body found)
2026-06-29T07:39:21	20260629-073921-66681c	deploy	deploy	OK	7014e11e-1c26-4e50-b546-2c38c876bee0	loaded transaction metadata
2026-06-29T07:39:22	20260629-073922-0074b7	list	list	OK	7014e11e-1c26-4e50-b546-2c38c876bee0	list returned rows
2026-06-29T07:39:33	20260629-073933-ff80f4	load	load	OK	7014e11e-1c26-4e50-b546-2c38c876bee0	-
2026-06-29T07:39:33	20260629-073933-19c0d2	load	load	OK	7014e11e-1c26-4e50-b546-2c38c876bee0	-
2026-06-29T07:52:40	20260629-075240-2b27d1	deploy	deploy	OK	7014e11e-1c26-4e50-b546-2c38c876bee0	loaded transaction metadata
2026-06-29T07:52:41	20260629-075241-ddf456	list	list	OK	7014e11e-1c26-4e50-b546-2c38c876bee0	list returned rows
2026-06-29T07:53:06	20260629-075306-16a8af	execute	run_action	ERROR	7014e11e-1c26-4e50-b546-2c38c876bee0	ValidationFailed: 1 validation error(s): Send/Resend Link: business-logic function 'send_candidate_link' is not deployed (no compiled function body found)
2026-06-29T07:56:05	20260629-075605-278bb9	deploy	deploy	OK	7014e11e-1c26-4e50-b546-2c38c876bee0	loaded transaction metadata
2026-06-29T07:56:05	20260629-075605-5a18d9	list	list	OK	7014e11e-1c26-4e50-b546-2c38c876bee0	list returned rows
2026-06-29T08:10:52	20260629-081052-661d53	deploy	deploy	OK	7014e11e-1c26-4e50-b546-2c38c876bee0	loaded transaction metadata
2026-06-29T08:10:52	20260629-081052-ebf273	list	list	OK	7014e11e-1c26-4e50-b546-2c38c876bee0	list returned rows
2026-06-29T08:11:00	20260629-081100-b0dc81	deploy	deploy	OK	7014e11e-1c26-4e50-b546-2c38c876bee0	loaded transaction metadata
2026-06-29T08:11:00	20260629-081100-c3169e	list	list	OK	7014e11e-1c26-4e50-b546-2c38c876bee0	list returned rows
2026-06-29T08:11:03	20260629-081103-92f05a	execute	run_action	ERROR	7014e11e-1c26-4e50-b546-2c38c876bee0	ValidationFailed: 1 validation error(s): Send/Resend Link: business-logic function 'send_candidate_link' is not deployed (no compiled function body found)
2026-06-29T08:11:43	20260629-081143-b1298c	execute	run_action	ERROR	7014e11e-1c26-4e50-b546-2c38c876bee0	ValidationFailed: 1 validation error(s): _record: PAN validation attempts exhausted.
2026-06-29T08:21:37	20260629-082137-cda148	execute	run_action	ERROR	7014e11e-1c26-4e50-b546-2c38c876bee0	ValidationFailed: 1 validation error(s): Send/Resend Link: business-logic function 'send_candidate_link' is not deployed (no compiled function body found)
2026-06-29T08:25:03	20260629-082502-ce8a10	deploy	deploy	OK	7014e11e-1c26-4e50-b546-2c38c876bee0	loaded transaction metadata
2026-06-29T08:25:03	20260629-082503-c505c7	list	list	OK	7014e11e-1c26-4e50-b546-2c38c876bee0	list returned rows
2026-06-29T08:25:13	20260629-082513-83ac0e	deploy	deploy	OK	7014e11e-1c26-4e50-b546-2c38c876bee0	loaded transaction metadata
2026-06-29T08:25:13	20260629-082513-1cedb6	list	list	OK	7014e11e-1c26-4e50-b546-2c38c876bee0	list returned rows
2026-06-29T08:25:37	20260629-082537-d272f3	execute	run_action	ERROR	7014e11e-1c26-4e50-b546-2c38c876bee0	ValidationFailed: 1 validation error(s): Send/Resend Link: business-logic function 'send_candidate_link' is not deployed (no compiled function body found)
2026-06-29T08:25:44	20260629-082544-77d17d	execute	run_action	ERROR	7014e11e-1c26-4e50-b546-2c38c876bee0	ValidationFailed: 1 validation error(s): Send/Resend Link: business-logic function 'send_candidate_link' is not deployed (no compiled function body found)
2026-06-29T09:19:38	20260629-091938-ff50e1	deploy	deploy	OK	7014e11e-1c26-4e50-b546-2c38c876bee0	loaded transaction metadata
2026-06-29T09:19:39	20260629-091938-355b99	list	list	OK	7014e11e-1c26-4e50-b546-2c38c876bee0	list returned rows
2026-06-29T09:19:55	20260629-091955-c711d1	resolve_defaults	resolve_defaults	OK	7014e11e-1c26-4e50-b546-2c38c876bee0	resolved default values
2026-06-29T09:20:15	20260629-092015-a29464	execute	run_action	ERROR	7014e11e-1c26-4e50-b546-2c38c876bee0	ValidationFailed: 1 validation error(s): Send/Resend Link: business-logic function 'send_candidate_link' is not deployed (no compiled function body found)
2026-06-29T09:25:12	20260629-092512-e82192	deploy	deploy	OK	7014e11e-1c26-4e50-b546-2c38c876bee0	loaded transaction metadata
2026-06-29T09:25:12	20260629-092512-930090	list	list	OK	7014e11e-1c26-4e50-b546-2c38c876bee0	list returned rows
2026-06-29T09:25:31	20260629-092531-f7f950	deploy	deploy	OK	7014e11e-1c26-4e50-b546-2c38c876bee0	loaded transaction metadata
2026-06-29T09:25:31	20260629-092531-0671e3	list	list	OK	7014e11e-1c26-4e50-b546-2c38c876bee0	list returned rows
