=== preview run 20260629-075306-16a8af ===
kind=execute action=run_action user=7014e11e-1c26-4e50-b546-2c38c876bee0
started=2026-06-29T07:53:06
project=Employee_onboarding
obj=emponb_candidate_record
payload_keys=action_name,form_no,header,header_values,txn_id
  ┌─ TRACEBACK
      Traceback (most recent call last):
        File "/home/pankaj.tajane/Pankaj/GitHub/platform.twasta.ai/backend/app/services/preview_logging.py", line 149, in run
          yield run
        File "/home/pankaj.tajane/Pankaj/GitHub/platform.twasta.ai/backend/app/routers/livepreview.py", line 559, in _do
          result = executor.execute_action(
                   ^^^^^^^^^^^^^^^^^^^^^^^^
        File "/home/pankaj.tajane/Pankaj/GitHub/platform.twasta.ai/backend/app/services/livepreview/executor.py", line 45, in execute_action
          return _pkg_execute_action(
                 ^^^^^^^^^^^^^^^^^^^^
        File "/home/pankaj.tajane/Pankaj/GitHub/platform.twasta.ai/packages/runtime-engine/twasta_runtime_engine/executor.py", line 86, in wrapper
          return fn(*args, **kwargs)
                 ^^^^^^^^^^^^^^^^^^^
        File "/home/pankaj.tajane/Pankaj/GitHub/platform.twasta.ai/packages/runtime-engine/twasta_runtime_engine/executor.py", line 4913, in execute_action
          result = _run_form_action(
                   ^^^^^^^^^^^^^^^^^
        File "/home/pankaj.tajane/Pankaj/GitHub/platform.twasta.ai/packages/runtime-engine/twasta_runtime_engine/executor.py", line 4434, in _run_form_action
          raise ValidationFailed([ValidationError(
      twasta_runtime_engine.executor.ValidationFailed: 1 validation error(s): Send/Resend Link: business-logic function 'send_candidate_link' is not deployed (no compiled function body found)
  └─
finished=2026-06-29T07:53:06 status=ERROR
