=== preview run 20260627-134014-80bc08 ===
kind=execute_batch action=save_batch user=7014e11e-1c26-4e50-b546-2c38c876bee0
started=2026-06-27T13:40:14
project=Employee_onboarding
obj=emponb_candidate_record
payload_keys=
  ┌─ TRACEBACK
      Traceback (most recent call last):
        File "/home/pankaj.tajane/Pankaj/GitHub/platform.twasta.ai/backend/app/services/preview_logging.py", line 149, in run
          yield run
        File "/home/pankaj.tajane/Pankaj/GitHub/platform.twasta.ai/backend/app/routers/livepreview.py", line 835, in _do
          result = executor.execute_transaction_batch(
                   ^^^^^^^^^^^^^^^^^^^^^^^^^^^^^^^^^^^
        File "/home/pankaj.tajane/Pankaj/GitHub/platform.twasta.ai/backend/app/services/livepreview/executor.py", line 65, in execute_transaction_batch
          return _pkg_execute_transaction_batch(
                 ^^^^^^^^^^^^^^^^^^^^^^^^^^^^^^^
        File "/home/pankaj.tajane/Pankaj/GitHub/platform.twasta.ai/packages/runtime-engine/twasta_runtime_engine/executor.py", line 86, in wrapper
          return fn(*args, **kwargs)
                 ^^^^^^^^^^^^^^^^^^^
        File "/home/pankaj.tajane/Pankaj/GitHub/platform.twasta.ai/packages/runtime-engine/twasta_runtime_engine/executor.py", line 5446, in execute_transaction_batch
          h_txn, h_header = _save_form_row(
                            ^^^^^^^^^^^^^^^
        File "/home/pankaj.tajane/Pankaj/GitHub/platform.twasta.ai/packages/runtime-engine/twasta_runtime_engine/executor.py", line 5362, in _save_form_row
          res = _insert(
                ^^^^^^^^
        File "/home/pankaj.tajane/Pankaj/GitHub/platform.twasta.ai/packages/runtime-engine/twasta_runtime_engine/executor.py", line 2917, in _insert
          raise ValidationFailed(blocking)
      twasta_runtime_engine.executor.ValidationFailed: 1 validation error(s): initiated_by: Initiated By cannot exceed 10 characters (you entered 16).
  └─
finished=2026-06-27T13:40:14 status=ERROR
