=== preview run 20260627-135807-950a3d ===
kind=execute action=validate user=7014e11e-1c26-4e50-b546-2c38c876bee0
started=2026-06-27T13:58:07
project=Employee_onboarding
obj=emponb_candidate_record
payload_keys=form_no,form_rules_only,header,header_values
  ┌─ TRACEBACK
      Traceback (most recent call last):
        File "/home/pankaj.tajane/Pankaj/GitHub/platform.twasta.ai/backend/app/services/preview_logging.py", line 149, in run
          yield run
        File "/home/pankaj.tajane/Pankaj/GitHub/platform.twasta.ai/backend/app/routers/livepreview.py", line 559, in _do
          result = executor.execute_action(
                   ^^^^^^^^^^^^^^^^^^^^^^^^
        File "/home/pankaj.tajane/Pankaj/GitHub/platform.twasta.ai/backend/app/services/livepreview/executor.py", line 45, in execute_action
          return _pkg_execute_action(
                 ^^^^^^^^^^^^^^^^^^^^
        File "/home/pankaj.tajane/Pankaj/GitHub/platform.twasta.ai/packages/runtime-engine/twasta_runtime_engine/executor.py", line 86, in wrapper
          return fn(*args, **kwargs)
                 ^^^^^^^^^^^^^^^^^^^
        File "/home/pankaj.tajane/Pankaj/GitHub/platform.twasta.ai/packages/runtime-engine/twasta_runtime_engine/executor.py", line 5181, in execute_action
          raise ValidationFailed(blocking)
      twasta_runtime_engine.executor.ValidationFailed: 1 validation error(s): emp_code: Employee code already exists.
  └─
finished=2026-06-27T13:58:07 status=ERROR
